Original first  target=Ia    size= 2 failed=['Ia']
Original first  target=Ib    size= 2 failed=['Ib']
Original first  target=IIa   size= 2 failed=['IIa']
Original first  target=IIb   size= 2 failed=['IIb']
Original first  target=IIIa  size= 2 failed=['IIIa']
Original first  target=IIIb  size= 2 failed=['IIIb']
Original first  target=IVa   size= 2 failed=['IVa']
Original first  target=IVb   size= 2 failed=['IVb']
Original first  target=V     size= 2 failed=['V']
Original first  target=VI    size= 1 failed=['VI']
Original second target=1     size= 4 failed=['1']
Original second target=2     size= 2 failed=['2']
Original second target=3     size= 6 failed=['3']
Original second target=6,7   size=14 failed=['6', '7']
Original second target=8     size= 3 failed=['8']
Original second target=9     size= 5 failed=['9']
Original second target=10    size= 1 failed=['10']
Original third  target=B     size= 2 failed=['B']
Original third  target=C     size= 6 failed=['C']
Original third  target=F     size=14 failed=['F']
Original third  target=G     size= 3 failed=['G']
Original third  target=H     size= 5 failed=['H']
Original third  target=J     size= 1 failed=['J']
All 23 original finite structures match the expected failure signatures.
Powersets of sizes 2,4,8,16 satisfy all three displayed lists.
Modern saturated-addition example fails only A.
Bounded labelled enumerations: {"first": [{"n": 1, "checked": 1, "valid": 0}, {"n": 2, "checked": 256, "valid": 2}], "second": [{"n": 1, "checked": 2, "valid": 0}, {"n": 2, "checked": 16, "valid": 2}, {"n": 3, "checked": 512, "valid": 0}], "third": [{"n": 1, "checked": 1, "valid": 0}, {"n": 2, "checked": 16, "valid": 2}, {"n": 3, "checked": 19683, "valid": 0}]}
Wrote results/experiments.json; elapsed 1.400979 seconds.
